// Jest Snapshot v1, https://goo.gl/fbAQLP

exports[`should take a snapshot 1`] = `
<DocumentFragment>
  <div
    class="popup"
    data-testid="POPUP"
  >
    <div
      class="popup_inner"
      data-testid="POPUP_INNER"
    >
      <h1
        data-testid="TEXT"
      />
      <button
        data-testid="BUTTON"
        label="Close me"
      >
        close me
      </button>
    </div>
  </div>
</DocumentFragment>
`;
